// Jest Snapshot v1, https://goo.gl/fbAQLP

exports[`Testing Table pagination action button should render the Title Component correctly 1`] = `
<Fragment>
  <WithStyles(ForwardRef(Grid))
    container={true}
  >
    <WithStyles(ForwardRef(Grid))
      item={true}
      sm={12}
      xs={12}
    >
      <WithStyles(ForwardRef(Paper))
        className="makeStyles-root-1"
      >
        <WithStyles(ForwardRef(Table))
          className="makeStyles-table-2"
        >
          <WithStyles(ForwardRef(TableHead))
            className="table-head"
          >
            <WithStyles(ForwardRef(TableRow))
              className="table-head-cell"
            >
              <WithStyles(ForwardRef(TableCell))
                align="left"
              >
                Comments
              </WithStyles(ForwardRef(TableCell))>
              <WithStyles(ForwardRef(TableCell))
                align="left"
              >
                Vote Count
              </WithStyles(ForwardRef(TableCell))>
              <WithStyles(ForwardRef(TableCell))
                align="left"
              >
                Up Vote
              </WithStyles(ForwardRef(TableCell))>
              <WithStyles(ForwardRef(TableCell))
                align="left"
              >
                News Details
              </WithStyles(ForwardRef(TableCell))>
            </WithStyles(ForwardRef(TableRow))>
          </WithStyles(ForwardRef(TableHead))>
          <WithStyles(ForwardRef(TableBody)) />
        </WithStyles(ForwardRef(Table))>
      </WithStyles(ForwardRef(Paper))>
    </WithStyles(ForwardRef(Grid))>
    <WithStyles(ForwardRef(Grid))
      item={true}
      sm={12}
      xs={12}
    >
      <Styled(MuiBox)>
        <pagination
          currentPage={0}
          totalPage={0}
        />
      </Styled(MuiBox)>
    </WithStyles(ForwardRef(Grid))>
  </WithStyles(ForwardRef(Grid))>
  <WithStyles(ForwardRef(Grid))
    className="thin-hr"
    item={true}
    sm={12}
    xs={12}
  >
    <hr />
  </WithStyles(ForwardRef(Grid))>
  <WithStyles(ForwardRef(Grid))
    item={true}
    sm={12}
    xs={12}
  >
    <Styled(MuiBox)>
      <VotingChart>
        Home
      </VotingChart>
    </Styled(MuiBox)>
  </WithStyles(ForwardRef(Grid))>
  <WithStyles(ForwardRef(Grid))
    className="thick-hr"
    item={true}
    sm={12}
    xs={12}
  >
    <hr />
  </WithStyles(ForwardRef(Grid))>
</Fragment>
`;
